../Drivers/AD9959/AD9959.c:23:13:ad9959_delay	16	static
../Drivers/AD9959/AD9959.c:32:6:ad9959_init	16	static
../Drivers/AD9959/AD9959.c:52:6:ad9959_reset	8	static
../Drivers/AD9959/AD9959.c:63:6:ad9959_io_init	8	static
../Drivers/AD9959/AD9959.c:82:6:ad9959_io_update	8	static
../Drivers/AD9959/AD9959.c:97:6:ad9959_write_data	24	static
../Drivers/AD9959/AD9959.c:145:6:ad9959_write_phase	24	static
../Drivers/AD9959/AD9959.c:161:6:ad9959_write_frequency	32	static
../Drivers/AD9959/AD9959.c:187:6:ad9959_write_amplitude	24	static
../Drivers/AD9959/AD9959.c:204:6:Out_mV	16	static
../Drivers/AD9959/AD9959.c:216:6:Out_freq	16	static
../Drivers/AD9959/AD9959.c:232:6:Sweep_Freq	8	static
../Drivers/AD9959/AD9959.c:249:6:Sweep_Freq_1	16	static
