../Drivers/ADS8688/ADS8688.c:43:6:ADS8688_SPI_WB	24	static
../Drivers/ADS8688/ADS8688.c:64:9:ADS8688_SPI_RB	16	static
../Drivers/ADS8688/ADS8688.c:86:6:ADS8688_WriteCommandReg	16	static
../Drivers/ADS8688/ADS8688.c:95:6:ADS8688_Write_Program_Register	16	static
../Drivers/ADS8688/ADS8688.c:104:4:ADS8688_READ_Program_Register	24	static
../Drivers/ADS8688/ADS8688.c:116:7:Enter_RESET_MODE	8	static
../Drivers/ADS8688/ADS8688.c:121:6:AUTO_RST_Mode	8	static
../Drivers/ADS8688/ADS8688.c:126:6:MAN_Ch_n_Mode	16	static
../Drivers/ADS8688/ADS8688.c:131:6:Set_CH_Range_Select	16	static
../Drivers/ADS8688/ADS8688.c:136:6:Get_AUTO_RST_Mode_Data	24	static
../Drivers/ADS8688/ADS8688.c:154:6:ADS8688_Init_Single	8	static
../Drivers/ADS8688/ADS8688.c:180:7:ADS8688_Init_Mult	8	static
../Drivers/ADS8688/ADS8688.c:228:10:Get_MAN_Ch_n_Mode_Data	16	static
../Drivers/ADS8688/ADS8688.c:239:5:get_ADS_ch1	8	static
