../Drivers/Driver_ESP8266/ESP8266.c:22:6:wifiInit	4	static
../Drivers/Driver_ESP8266/ESP8266.c:43:6:print	2076	static
../Drivers/Driver_ESP8266/ESP8266.c:57:6:RxCallback	32	static
../Drivers/Driver_ESP8266/ESP8266.c:99:6:USART6_IRQHandler	8	static
../Drivers/Driver_ESP8266/ESP8266.c:109:6:setTimeout	16	static
../Drivers/Driver_ESP8266/ESP8266.c:120:6:isTimeout	4	static
../Drivers/Driver_ESP8266/ESP8266.c:133:6:sendNoAck	16	static
../Drivers/Driver_ESP8266/ESP8266.c:143:8:send	24	static
../Drivers/Driver_ESP8266/ESP8266.c:162:8:sendCmd	24	static
../Drivers/Driver_ESP8266/ESP8266.c:190:6:sendMessage	24	static
../Drivers/Driver_ESP8266/ESP8266.c:200:6:quitTrans	8	static
../Drivers/Driver_ESP8266/ESP8266.c:214:6:delay	16	static
../Drivers/Driver_ESP8266/ESP8266.c:223:6:isResponded	32	static
../Drivers/Driver_ESP8266/ESP8266.c:243:8:init	16	static
