../Core/Src/algorithm.c:20:6:calc_FFT	40	static
../Core/Src/algorithm.c:40:6:PowerPhaseRadians_f32	56	static
../Core/Src/algorithm.c:68:6:cal_fftPhase	40	static
../Core/Src/algorithm.c:92:6:ADarr_Init	8	static
../Core/Src/algorithm.c:99:6:get_AD_Results	4	static
../Core/Src/algorithm.c:134:6:Calc_array	32	static
../Core/Src/algorithm.c:155:7:__sinWaveData	56	static
../Core/Src/algorithm.c:173:7:many_in_array	56	static
../Core/Src/algorithm.c:196:6:Sort	32	static
../Core/Src/algorithm.c:214:7:is_Smooth	32	static
../Core/Src/algorithm.c:229:7:Make_Choices	32	static
../Core/Src/algorithm.c:287:6:quickSort	40	static
../Core/Src/algorithm.c:331:6:swap	24	static
../Core/Src/algorithm.c:341:8:bessi0	48	static
../Core/Src/algorithm.c:363:8:bessi1	56	static
../Core/Src/algorithm.c:385:8:bessi	112	static
