../Drivers/OLED_7Pin/oled.c:39:6:OLED_ColorTurn	16	static
../Drivers/OLED_7Pin/oled.c:50:6:OLED_DisplayTurn	16	static
../Drivers/OLED_7Pin/oled.c:63:6:OLED_WR_Byte	24	static
../Drivers/OLED_7Pin/oled.c:79:6:OLED_DisPlay_On	8	static
../Drivers/OLED_7Pin/oled.c:87:6:OLED_DisPlay_Off	8	static
../Drivers/OLED_7Pin/oled.c:95:6:OLED_Refresh	16	static
../Drivers/OLED_7Pin/oled.c:109:6:OLED_Clear	16	static
../Drivers/OLED_7Pin/oled.c:125:6:OLED_DrawPoint	24	static
../Drivers/OLED_7Pin/oled.c:137:6:OLED_ClearPoint	24	static
../Drivers/OLED_7Pin/oled.c:152:6:OLED_DrawLine	32	static
../Drivers/OLED_7Pin/oled.c:183:6:OLED_DrawSquare	24	static
../Drivers/OLED_7Pin/oled.c:192:6:OLED_DrawCircle	32	static
../Drivers/OLED_7Pin/oled.c:226:6:OLED_ShowChar	32	static
../Drivers/OLED_7Pin/oled.c:262:6:OLED_ShowString	16	static
../Drivers/OLED_7Pin/oled.c:278:10:OLED_Pow	24	static
../Drivers/OLED_7Pin/oled.c:292:6:OLED_ShowNum	24	static
../Drivers/OLED_7Pin/oled.c:313:6:OLED_ShowChinese	32	static
../Drivers/OLED_7Pin/oled.c:351:6:OLED_ScrollDisplay	32	static
../Drivers/OLED_7Pin/oled.c:390:6:OLED_WR_BP	16	static
../Drivers/OLED_7Pin/oled.c:400:6:OLED_ShowPicture	32	static
../Drivers/OLED_7Pin/oled.c:418:6:OLED_Printf	16	static
../Drivers/OLED_7Pin/oled.c:425:6:OLED_Init	8	static
