../Drivers/STM32F4xx_VisualTFT/cmd_process.c:24:6:ProcessMessage	72	static
../Drivers/STM32F4xx_VisualTFT/cmd_process.c:99:6:SetTFTText	40	static
../Drivers/STM32F4xx_VisualTFT/cmd_process.c:109:6:SetTextValueInt32	32	static
../Drivers/STM32F4xx_VisualTFT/cmd_process.c:116:6:SetTextValueFloat	40	static
../Drivers/STM32F4xx_VisualTFT/cmd_process.c:123:6:UpdateUI	4	static
../Drivers/STM32F4xx_VisualTFT/cmd_process.c:133:6:NotifyScreen	16	static
../Drivers/STM32F4xx_VisualTFT/cmd_process.c:144:6:NotifyTouchXY	24	static
../Drivers/STM32F4xx_VisualTFT/cmd_process.c:156:6:NotifyButton	24	static
../Drivers/STM32F4xx_VisualTFT/cmd_process.c:211:6:NotifyText	24	static
../Drivers/STM32F4xx_VisualTFT/cmd_process.c:234:6:NotifyProgress	24	static
../Drivers/STM32F4xx_VisualTFT/cmd_process.c:246:6:NotifySlider	24	static
../Drivers/STM32F4xx_VisualTFT/cmd_process.c:265:6:NotifyMeter	24	static
../Drivers/STM32F4xx_VisualTFT/cmd_process.c:278:6:NotifyMenu	16	static
../Drivers/STM32F4xx_VisualTFT/cmd_process.c:291:6:NotifySelector	24	static
../Drivers/STM32F4xx_VisualTFT/cmd_process.c:303:6:NotifyTimer	16	static
../Drivers/STM32F4xx_VisualTFT/cmd_process.c:314:6:NotifyReadFlash	24	static
../Drivers/STM32F4xx_VisualTFT/cmd_process.c:323:6:NotifyWriteFlash	16	static
../Drivers/STM32F4xx_VisualTFT/cmd_process.c:338:6:NotifyReadRTC	16	static
