../Core/Src/algorithm.c:20:6:calc_FFT	40	static
../Core/Src/algorithm.c:40:6:PowerPhaseRadians_f32	56	static
../Core/Src/algorithm.c:68:6:cal_fftPhase	40	static
../Core/Src/algorithm.c:92:6:ADarr_Init	8	static
../Core/Src/algorithm.c:99:6:get_AD_Results	8	static
../Core/Src/algorithm.c:131:6:Calc_array	32	static
../Core/Src/algorithm.c:152:7:__sinWaveData	56	static
../Core/Src/algorithm.c:170:7:many_in_array	56	static
../Core/Src/algorithm.c:193:6:Sort	32	static
../Core/Src/algorithm.c:211:7:is_Smooth	32	static
../Core/Src/algorithm.c:226:7:Make_Choices	32	static
../Core/Src/algorithm.c:284:6:quickSort	40	static
../Core/Src/algorithm.c:328:6:swap	24	static
../Core/Src/algorithm.c:338:8:bessi0	48	static
../Core/Src/algorithm.c:360:8:bessi1	56	static
../Core/Src/algorithm.c:382:8:bessi	112	static
