../Core/Src/algorithm.c:20:6:calc_FFT	40	static
../Core/Src/algorithm.c:40:6:PowerPhaseRadians_f32	56	static
../Core/Src/algorithm.c:68:6:cal_fftPhase	40	static
../Core/Src/algorithm.c:104:6:ADarr_Init	8	static
../Core/Src/algorithm.c:171:6:Calc_array	32	static
../Core/Src/algorithm.c:184:6:Calc_array1	64	dynamic
../Core/Src/algorithm.c:206:7:__sinWaveData	56	static
../Core/Src/algorithm.c:224:7:many_in_array	56	static
../Core/Src/algorithm.c:247:6:Sort	32	static
../Core/Src/algorithm.c:265:7:is_Smooth	32	static
../Core/Src/algorithm.c:280:7:Make_Choices	32	static
../Core/Src/algorithm.c:338:6:quickSort	40	static
../Core/Src/algorithm.c:382:6:swap	24	static
../Core/Src/algorithm.c:392:8:bessi0	48	static
../Core/Src/algorithm.c:414:8:bessi1	56	static
../Core/Src/algorithm.c:436:8:bessi	112	static
