hmi_driver.c:71:6:DelayMS	24	static
hmi_driver.c:78:6:SendStrings	16	static
hmi_driver.c:87:6:SendNU8	24	static
hmi_driver.c:96:6:SendNU16	24	static
hmi_driver.c:105:6:SetHandShake	8	static
hmi_driver.c:112:6:SetFcolor	16	static
hmi_driver.c:120:6:SetBcolor	16	static
hmi_driver.c:128:6:ColorPicker	16	static
hmi_driver.c:138:6:GUI_CleanScreen	8	static
hmi_driver.c:145:6:SetTextSpace	16	static
hmi_driver.c:154:6:SetFont_Region	16	static
hmi_driver.c:164:6:SetFilterColor	16	static
hmi_driver.c:173:6:DisText	24	static
hmi_driver.c:185:6:DisCursor	24	static
hmi_driver.c:197:6:DisFull_Image	16	static
hmi_driver.c:206:6:DisArea_Image	24	static
hmi_driver.c:217:6:DisCut_Image	24	static
hmi_driver.c:232:6:DisFlashImage	24	static
hmi_driver.c:244:6:GUI_Dot	16	static
hmi_driver.c:253:6:GUI_Line	24	static
hmi_driver.c:264:6:GUI_ConDots	16	static
hmi_driver.c:273:6:GUI_ConSpaceDots	24	static
hmi_driver.c:283:6:GUI_FcolorConOffsetDots	24	static
hmi_driver.c:293:6:GUI_BcolorConOffsetDots	24	static
hmi_driver.c:303:6:SetPowerSaving	24	static
hmi_driver.c:314:6:GUI_FcolorConDots	16	static
hmi_driver.c:322:6:GUI_BcolorConDots	16	static
hmi_driver.c:330:6:GUI_Circle	16	static
hmi_driver.c:340:6:GUI_CircleFill	16	static
hmi_driver.c:350:6:GUI_Arc	24	static
hmi_driver.c:362:6:GUI_Rectangle	24	static
hmi_driver.c:373:6:GUI_RectangleFill	24	static
hmi_driver.c:384:6:GUI_Ellipse	24	static
hmi_driver.c:395:6:GUI_EllipseFill	24	static
hmi_driver.c:406:6:SetBackLight	16	static
hmi_driver.c:414:6:SetBuzzer	16	static
hmi_driver.c:422:6:GUI_AreaInycolor	24	static
hmi_driver.c:433:6:SetTouchPaneOption	32	static
hmi_driver.c:452:6:CalibrateTouchPane	8	static
hmi_driver.c:459:6:TestTouchPane	8	static
hmi_driver.c:466:6:LockDeviceConfig	8	static
hmi_driver.c:477:6:UnlockDeviceConfig	8	static
hmi_driver.c:488:6:SetCommBps	16	static
hmi_driver.c:496:6:WriteLayer	16	static
hmi_driver.c:504:6:DisplyLayer	16	static
hmi_driver.c:512:6:CopyLayer	16	static
hmi_driver.c:521:6:ClearLayer	16	static
hmi_driver.c:529:6:GUI_DispRTC	24	static
hmi_driver.c:542:6:WriteUserFlash	24	static
hmi_driver.c:551:6:ReadUserFlash	16	static
hmi_driver.c:560:6:GetScreen	8	static
hmi_driver.c:568:6:SetScreen	16	static
hmi_driver.c:577:6:SetScreenUpdateEnable	16	static
hmi_driver.c:585:6:SetControlFocus	16	static
hmi_driver.c:597:6:SetControlVisiable	16	static
hmi_driver.c:608:6:SetControlEnable	16	static
hmi_driver.c:619:6:SetButtonValue	16	static
hmi_driver.c:630:6:SetTextValue	16	static
hmi_driver.c:641:6:SetProgressValue	16	static
hmi_driver.c:652:6:SetMeterValue	16	static
hmi_driver.c:663:6:SetSliderValue	16	static
hmi_driver.c:674:6:SetSelectorValue	16	static
hmi_driver.c:685:6:GetControlValue	16	static
hmi_driver.c:695:6:AnimationStart	16	static
hmi_driver.c:705:6:AnimationStop	16	static
hmi_driver.c:715:6:AnimationPause	16	static
hmi_driver.c:725:6:AnimationPlayFrame	16	static
hmi_driver.c:736:6:AnimationPlayPrev	16	static
hmi_driver.c:746:6:AnimationPlayNext	16	static
hmi_driver.c:756:6:GraphChannelAdd	24	static
hmi_driver.c:768:6:GraphChannelDel	16	static
hmi_driver.c:779:6:GraphChannelDataAdd	24	static
hmi_driver.c:793:6:GraphChannelDataClear	16	static
hmi_driver.c:804:6:GraphSetViewport	24	static
hmi_driver.c:818:6:BatchBegin	16	static
hmi_driver.c:826:6:BatchSetButtonValue	16	static
hmi_driver.c:833:6:BatchSetProgressValue	16	static
hmi_driver.c:840:6:BatchSetSliderValue	16	static
hmi_driver.c:847:6:BatchSetMeterValue	16	static
hmi_driver.c:854:8:GetStringLen	24	static
hmi_driver.c:865:6:BatchSetText	16	static
hmi_driver.c:872:6:BatchSetFrame	16	static
hmi_driver.c:879:6:BatchEnd	8	static
hmi_driver.c:884:6:SeTimer	16	static
hmi_driver.c:895:6:StartTimer	16	static
hmi_driver.c:905:6:StopTimer	16	static
hmi_driver.c:915:6:PauseTimer	16	static
hmi_driver.c:925:6:SetControlBackColor	16	static
hmi_driver.c:936:6:SetControlForeColor	16	static
hmi_driver.c:947:6:ShowPopupMenu	24	static
hmi_driver.c:959:6:ShowKeyboard	24	static
