../Core/Src/algorithm.c:21:6:calc_FFT	40	static
../Core/Src/algorithm.c:41:6:PowerPhaseRadians_f32	56	static
../Core/Src/algorithm.c:69:6:cal_fftPhase	40	static
../Core/Src/algorithm.c:93:6:ADarr_Init	8	static
../Core/Src/algorithm.c:101:6:get_AD_Results	8	static
../Core/Src/algorithm.c:143:6:Calc_array	32	static
../Core/Src/algorithm.c:164:7:__sinWaveData	56	static
../Core/Src/algorithm.c:182:7:many_in_array	56	static
../Core/Src/algorithm.c:205:6:Sort	32	static
../Core/Src/algorithm.c:223:7:is_Smooth	32	static
../Core/Src/algorithm.c:238:7:Make_Choices	32	static
../Core/Src/algorithm.c:296:6:quickSort	40	static
../Core/Src/algorithm.c:340:6:swap	24	static
../Core/Src/algorithm.c:350:8:bessi0	48	static
../Core/Src/algorithm.c:372:8:bessi1	56	static
../Core/Src/algorithm.c:394:8:bessi	112	static
