../Core/Src/algorithm.c:54:6:AD_arrInit	8	static
../Core/Src/algorithm.c:69:6:getADResults	8	static
../Core/Src/algorithm.c:78:6:HAL_TIM_PeriodElapsedCallback	16	static
../Core/Src/algorithm.c:92:6:Params_Init	8	static
../Core/Src/algorithm.c:132:6:calc_FFT	40	static
../Core/Src/algorithm.c:158:6:PowerPhaseRadians_f32	56	static
../Core/Src/algorithm.c:184:6:cal_fftPhase	40	static
../Core/Src/algorithm.c:196:6:isGoodWave	32	static
../Core/Src/algorithm.c:221:6:PrepareForTest	16	static
../Core/Src/algorithm.c:243:6:CalCircuitParam	16	static
../Core/Src/algorithm.c:283:7:calcUpFreq	32	static
../Core/Src/algorithm.c:301:6:SweepTest	40	static
../Core/Src/algorithm.c:330:6:ExSweepTest	40	static
../Core/Src/algorithm.c:359:6:isRound	24	static
../Core/Src/algorithm.c:369:6:CircuitFaultShow	16	static
../Core/Src/algorithm.c:381:6:ExCircuitFaultShow	16	static
../Core/Src/algorithm.c:396:5:CalCircuitError	8	static
../Core/Src/algorithm.c:470:6:getDC	16	static
../Core/Src/algorithm.c:479:6:CalResIn_AC	16	static
../Core/Src/algorithm.c:501:5:CheckAmp	16	static
