../Drivers/STM32F4xx_VisualTFT/cmd_process.c:21:6:ProcessMessage	72	static
../Drivers/STM32F4xx_VisualTFT/cmd_process.c:96:6:SetTFTText	40	static
../Drivers/STM32F4xx_VisualTFT/cmd_process.c:106:6:SetTextValueInt32	32	static
../Drivers/STM32F4xx_VisualTFT/cmd_process.c:113:6:SetTextValueFloat	40	static
../Drivers/STM32F4xx_VisualTFT/cmd_process.c:120:6:UpdateUI	4	static
../Drivers/STM32F4xx_VisualTFT/cmd_process.c:130:6:NotifyScreen	16	static
../Drivers/STM32F4xx_VisualTFT/cmd_process.c:141:6:NotifyTouchXY	24	static
../Drivers/STM32F4xx_VisualTFT/cmd_process.c:153:6:NotifyButton	24	static
../Drivers/STM32F4xx_VisualTFT/cmd_process.c:165:6:NotifyText	24	static
../Drivers/STM32F4xx_VisualTFT/cmd_process.c:177:6:NotifyProgress	24	static
../Drivers/STM32F4xx_VisualTFT/cmd_process.c:189:6:NotifySlider	24	static
../Drivers/STM32F4xx_VisualTFT/cmd_process.c:201:6:NotifyMeter	24	static
../Drivers/STM32F4xx_VisualTFT/cmd_process.c:214:6:NotifyMenu	16	static
../Drivers/STM32F4xx_VisualTFT/cmd_process.c:227:6:NotifySelector	24	static
../Drivers/STM32F4xx_VisualTFT/cmd_process.c:237:6:NotifyTimer	16	static
../Drivers/STM32F4xx_VisualTFT/cmd_process.c:248:6:NotifyReadFlash	24	static
../Drivers/STM32F4xx_VisualTFT/cmd_process.c:257:6:NotifyWriteFlash	16	static
../Drivers/STM32F4xx_VisualTFT/cmd_process.c:272:6:NotifyReadRTC	16	static
