AD9959.c:23:13:ad9959_delay	16	static
AD9959.c:32:6:ad9959_init	16	static
AD9959.c:51:6:ad9959_reset	8	static
AD9959.c:62:6:ad9959_io_init	8	static
AD9959.c:81:6:ad9959_io_update	8	static
AD9959.c:96:6:ad9959_write_data	24	static
AD9959.c:144:6:ad9959_write_phase	24	static
AD9959.c:160:6:ad9959_write_frequency	32	static
AD9959.c:186:6:ad9959_write_amplitude	24	static
AD9959.c:203:6:Out_mV	16	static
AD9959.c:215:6:Out_freq	16	static
AD9959.c:231:6:Sweep_Freq	8	static
AD9959.c:248:6:Sweep_Freq_1	16	static
