../Core/Src/algorithm.c:18:6:calc_FFT	40	static
../Core/Src/algorithm.c:38:6:PowerPhaseRadians_f32	56	static
../Core/Src/algorithm.c:66:6:cal_fftPhase	40	static
../Core/Src/algorithm.c:90:6:ADarr_Init	8	static
../Core/Src/algorithm.c:122:6:Calc_array	32	static
../Core/Src/algorithm.c:143:7:__sinWaveData	56	static
../Core/Src/algorithm.c:161:7:many_in_array	56	static
../Core/Src/algorithm.c:184:6:Sort	32	static
../Core/Src/algorithm.c:202:7:is_Smooth	32	static
../Core/Src/algorithm.c:217:7:Make_Choices	32	static
