../Drivers/AD9959/AD9959.c:31:13:ad9959_delay	16	static
../Drivers/AD9959/AD9959.c:78:6:ad9959_init	16	static
../Drivers/AD9959/AD9959.c:99:6:ad9959_reset	8	static
../Drivers/AD9959/AD9959.c:110:6:ad9959_io_init	8	static
../Drivers/AD9959/AD9959.c:129:6:ad9959_io_update	8	static
../Drivers/AD9959/AD9959.c:144:6:ad9959_write_data	24	static
../Drivers/AD9959/AD9959.c:192:6:ad9959_write_phase	24	static
../Drivers/AD9959/AD9959.c:208:6:ad9959_write_frequency	32	static
../Drivers/AD9959/AD9959.c:234:6:ad9959_write_amplitude	24	static
../Drivers/AD9959/AD9959.c:251:6:Out_mV	16	static
../Drivers/AD9959/AD9959.c:263:6:Out_freq	16	static
../Drivers/AD9959/AD9959.c:279:6:Sweep_Freq	8	static
../Drivers/AD9959/AD9959.c:296:6:Sweep_Freq_1	16	static
