../Core/Src/algorithm.c:20:6:calc_FFT	40	static
../Core/Src/algorithm.c:40:6:PowerPhaseRadians_f32	56	static
../Core/Src/algorithm.c:68:6:cal_fftPhase	40	static
../Core/Src/algorithm.c:92:6:ADarr_Init	8	static
../Core/Src/algorithm.c:99:6:get_AD_Results	8	static
../Core/Src/algorithm.c:106:6:get_IC	8	static
../Core/Src/algorithm.c:138:6:Calc_array	32	static
../Core/Src/algorithm.c:159:7:__sinWaveData	56	static
../Core/Src/algorithm.c:177:7:many_in_array	56	static
../Core/Src/algorithm.c:200:6:Sort	32	static
../Core/Src/algorithm.c:218:7:is_Smooth	32	static
../Core/Src/algorithm.c:233:7:Make_Choices	32	static
../Core/Src/algorithm.c:291:6:quickSort	40	static
../Core/Src/algorithm.c:335:6:swap	24	static
../Core/Src/algorithm.c:345:8:bessi0	48	static
../Core/Src/algorithm.c:367:8:bessi1	56	static
../Core/Src/algorithm.c:389:8:bessi	112	static
