../Drivers/e-Paper/EPD_2in13_V3.c:84:13:EPD_2in13_V3_Reset	8	static
../Drivers/e-Paper/EPD_2in13_V3.c:99:13:EPD_2in13_V3_SendCommand	16	static
../Drivers/e-Paper/EPD_2in13_V3.c:112:13:EPD_2in13_V3_SendData	16	static
../Drivers/e-Paper/EPD_2in13_V3.c:124:6:EPD_2in13_V3_ReadBusy	8	static
../Drivers/e-Paper/EPD_2in13_V3.c:141:13:EPD_2in13_V3_TurnOnDisplay	8	static
../Drivers/e-Paper/EPD_2in13_V3.c:153:13:EPD_2in13_V3_TurnOnDisplay_Partial	8	static
../Drivers/e-Paper/EPD_2in13_V3.c:166:13:EPD_2IN13_V3_LUT	24	static
../Drivers/e-Paper/EPD_2in13_V3.c:180:13:EPD_2IN13_V2_LUT_by_host	16	static
../Drivers/e-Paper/EPD_2in13_V3.c:203:13:EPD_2in13_V3_SetWindows	24	static
../Drivers/e-Paper/EPD_2in13_V3.c:222:13:EPD_2in13_V3_SetCursor	16	static
../Drivers/e-Paper/EPD_2in13_V3.c:236:6:EPD_2in13_V3_Init	8	static
../Drivers/e-Paper/EPD_2in13_V3.c:274:6:EPD_2in13_V3_Clear	16	static
../Drivers/e-Paper/EPD_2in13_V3.c:295:6:EPD_2in13_V3_Display	24	static
../Drivers/e-Paper/EPD_2in13_V3.c:316:6:EPD_2in13_V3_Display_Base	32	static
../Drivers/e-Paper/EPD_2in13_V3.c:342:6:EPD_2in13_V3_Display_Partial	24	static
../Drivers/e-Paper/EPD_2in13_V3.c:391:6:EPD_2in13_V3_Sleep	8	static
