../Drivers/STM32F4xx_VisualTFT/cmd_process.c:25:6:ProcessMessage	72	static
../Drivers/STM32F4xx_VisualTFT/cmd_process.c:100:6:SetTFTText	40	static
../Drivers/STM32F4xx_VisualTFT/cmd_process.c:110:6:SetTextValueInt32	32	static
../Drivers/STM32F4xx_VisualTFT/cmd_process.c:117:6:SetTextValueFloat	40	static
../Drivers/STM32F4xx_VisualTFT/cmd_process.c:124:6:UpdateUI	4	static
../Drivers/STM32F4xx_VisualTFT/cmd_process.c:134:6:NotifyScreen	16	static
../Drivers/STM32F4xx_VisualTFT/cmd_process.c:145:6:NotifyTouchXY	24	static
../Drivers/STM32F4xx_VisualTFT/cmd_process.c:157:6:NotifyButton	24	static
../Drivers/STM32F4xx_VisualTFT/cmd_process.c:216:6:NotifyText	24	static
../Drivers/STM32F4xx_VisualTFT/cmd_process.c:228:6:NotifyProgress	24	static
../Drivers/STM32F4xx_VisualTFT/cmd_process.c:240:6:NotifySlider	24	static
../Drivers/STM32F4xx_VisualTFT/cmd_process.c:252:6:NotifyMeter	24	static
../Drivers/STM32F4xx_VisualTFT/cmd_process.c:265:6:NotifyMenu	16	static
../Drivers/STM32F4xx_VisualTFT/cmd_process.c:278:6:NotifySelector	24	static
../Drivers/STM32F4xx_VisualTFT/cmd_process.c:288:6:NotifyTimer	16	static
../Drivers/STM32F4xx_VisualTFT/cmd_process.c:299:6:NotifyReadFlash	24	static
../Drivers/STM32F4xx_VisualTFT/cmd_process.c:308:6:NotifyWriteFlash	16	static
../Drivers/STM32F4xx_VisualTFT/cmd_process.c:323:6:NotifyReadRTC	16	static
